107.155.70.57 - - [30/Jun/2014:17:18:09 -0400] "GET http://www.google.com/search?btnG=1&filter=0&start=0&q=facebook.com HTTP/1.1" 404 284 "-" "Mozilla/4.0 (compatible; MSIE 6.0; Windows NT 5.1; en) Opera 8.50"
107.155.70.57 - - [30/Jun/2014:17:21:01 -0400] "-" 400 0 "-" "-"
107.155.70.57 - - [30/Jun/2014:17:21:02 -0400] "-" 400 0 "-" "-"
107.155.70.57 - - [30/Jun/2014:17:34:45 -0400] "GET http://www.google.com/search?btnG=1&filter=0&start=0&q=facebook.com HTTP/1.1" 404 284 "-" "Opera/9.20 (Windows NT 6.0; U; en)"
107.155.70.57 - - [30/Jun/2014:17:43:10 -0400] "GET http://www.google.com/search?btnG=1&filter=0&start=0&q=facebook.com HTTP/1.1" 404 284 "-" "Mozilla/5.0 (Windows; U; Windows NT 5.1; de; rv:1.9.2.3) Gecko/20100401 Firefox/3.6.3 (.NET CLR 3.5.30729) (Prevx 3.0.5)"
91.188.124.225 - - [30/Jun/2014:17:55:41 -0400] "GET http://www.google.com/search?q=onet.pl HTTP/1.1" 404 237 "-" "-"
91.188.124.225 - - [30/Jun/2014:17:55:41 -0400] "GET http://www.google.com/search?q=google HTTP/1.1" 404 237 "-" "-"
91.188.124.225 - - [30/Jun/2014:17:55:41 -0400] "GET http://92.222.28.46/httptest.php HTTP/1.1" 404 236 "-" "-"
91.188.124.225 - - [30/Jun/2014:17:55:41 -0400] "GET http://92.222.28.46/httptest.php HTTP/1.1" 404 236 "-" "-"
107.155.70.57 - - [30/Jun/2014:18:08:15 -0400] "GET http://www.google.com/search?btnG=1&filter=0&start=0&q=facebook.com HTTP/1.1" 404 284 "-" "Opera/9.20 (Windows NT 6.0; U; en)"
107.155.70.57 - - [30/Jun/2014:18:20:28 -0400] "GET http://www.google.com/search?btnG=1&filter=0&start=0&q=facebook.com HTTP/1.1" 404 284 "-" "Opera/9.20 (Windows NT 6.0; U; en)"
107.155.70.57 - - [30/Jun/2014:18:47:45 -0400] "GET http://www.google.com/search?btnG=1&filter=0&start=0&q=facebook.com HTTP/1.1" 404 284 "-" "Mozilla/5.0 (Windows; U; Windows NT 5.1; en-US; rv:1.7.5) Gecko/20060127 Netscape/8.1"
107.155.70.57 - - [30/Jun/2014:18:56:04 -0400] "GET http://www.google.com/search?btnG=1&filter=0&start=0&q=facebook.com HTTP/1.1" 404 284 "-" "Opera/9.20 (Windows NT 6.0; U; en)"
107.155.70.57 - - [30/Jun/2014:19:05:15 -0400] "-" 400 0 "-" "-"
107.155.70.57 - - [30/Jun/2014:19:05:15 -0400] "-" 400 0 "-" "-"
107.155.70.57 - - [30/Jun/2014:19:28:48 -0400] "GET http://www.google.com/search?btnG=1&filter=0&start=0&q=facebook.com HTTP/1.1" 404 284 "-" "Opera/9.80 (Windows NT 5.1; U; en) Presto/2.6.30 Version/10.62"
107.155.70.57 - - [30/Jun/2014:19:39:29 -0400] "GET http://www.google.com/search?btnG=1&filter=0&start=0&q=facebook.com HTTP/1.1" 404 284 "-" "Opera/9.20 (Windows NT 6.0; U; en)"
91.188.124.225 - - [30/Jun/2014:19:51:53 -0400] "GET http://92.222.28.46/httptest.php HTTP/1.1" 404 236 "-" "-"
91.188.124.225 - - [30/Jun/2014:19:51:53 -0400] "GET http://92.222.28.46/httptest.php HTTP/1.1" 404 236 "-" "-"
91.188.124.225 - - [30/Jun/2014:19:51:53 -0400] "GET http://www.google.com/search?q=ostro%C5%82%C4%99ka HTTP/1.1" 404 237 "-" "-"
91.188.124.225 - - [30/Jun/2014:19:51:54 -0400] "GET http://www.google.com/search?q=praca HTTP/1.1" 404 237 "-" "-"
91.188.124.225 - - [30/Jun/2014:19:52:04 -0400] "GET http://92.222.28.46/httptest.php HTTP/1.1" 404 236 "-" "-"
91.188.124.225 - - [30/Jun/2014:19:52:04 -0400] "GET http://92.222.28.46/httptest.php HTTP/1.1" 404 236 "-" "-"
91.188.124.225 - - [30/Jun/2014:19:52:05 -0400] "GET http://www.google.com/search?q=wakacje HTTP/1.1" 404 237 "-" "-"
91.188.124.225 - - [30/Jun/2014:19:52:05 -0400] "GET http://www.google.com/search?q=wczasy HTTP/1.1" 404 237 "-" "-"
178.19.99.22 - - [30/Jun/2014:19:52:07 -0400] "GET http://37.28.156.211/sprawdza.php HTTP/1.1" 404 289 "-" "Mozilla/5.0 (compatible; MSIE 9.0; Windows NT 6.1; Trident/5.0)"
178.19.99.22 - - [30/Jun/2014:20:02:50 -0400] "GET http://37.28.156.211/sprawdza.php HTTP/1.1" 404 289 "-" "Mozilla/5.0 (compatible; MSIE 9.0; Windows NT 6.1; Trident/5.0)"
107.155.70.57 - - [30/Jun/2014:20:10:14 -0400] "GET http://www.google.com/search?btnG=1&filter=0&start=0&q=facebook.com HTTP/1.1" 404 284 "-" "Mozilla/5.0 (Windows; U; Windows NT 5.1; de; rv:1.9.2.3) Gecko/20100401 Firefox/3.6.3 (.NET CLR 3.5.30729) (Prevx 3.0.5)"
107.155.70.57 - - [30/Jun/2014:20:16:15 -0400] "GET http://www.google.com/search?btnG=1&filter=0&start=0&q=facebook.com HTTP/1.1" 404 284 "-" "Mozilla/5.0 (Windows; U; Windows NT 5.1; de; rv:1.9.2.3) Gecko/20100401 Firefox/3.6.3 (.NET CLR 3.5.30729) (Prevx 3.0.5)"
107.155.70.57 - - [30/Jun/2014:20:49:07 -0400] "-" 400 0 "-" "-"
107.155.70.57 - - [30/Jun/2014:20:49:07 -0400] "-" 400 0 "-" "-"
91.188.124.225 - - [30/Jun/2014:21:46:53 -0400] "GET http://92.222.28.46/httptest.php HTTP/1.1" 404 236 "-" "-"
91.188.124.225 - - [30/Jun/2014:21:46:53 -0400] "GET http://www.google.com/search?q=wczasy HTTP/1.1" 404 237 "-" "-"
91.188.124.225 - - [30/Jun/2014:21:47:04 -0400] "GET http://www.google.com/search?q=ostro%C5%82%C4%99ka HTTP/1.1" 404 237 "-" "-"
91.188.124.225 - - [30/Jun/2014:21:47:04 -0400] "GET http://92.222.28.46/httptest.php HTTP/1.1" 404 236 "-" "-"
107.155.70.57 - - [30/Jun/2014:22:58:49 -0400] "-" 400 0 "-" "-"
107.155.70.57 - - [30/Jun/2014:22:58:49 -0400] "-" 400 0 "-" "-"
107.155.70.57 - - [30/Jun/2014:23:19:44 -0400] "GET http://www.google.com/search?btnG=1&filter=0&start=0&q=facebook.com HTTP/1.1" 404 284 "-" "Opera/9.20 (Windows NT 6.0; U; en)"
107.155.70.57 - - [30/Jun/2014:23:37:51 -0400] "GET http://www.google.com/search?btnG=1&filter=0&start=0&q=facebook.com HTTP/1.1" 404 284 "-" "Opera/9.80 (Windows NT 5.1; U; en) Presto/2.6.30 Version/10.62"
91.188.124.225 - - [30/Jun/2014:23:43:52 -0400] "GET http://92.222.28.46/httptest.php HTTP/1.1" 404 236 "-" "-"
91.188.124.225 - - [30/Jun/2014:23:43:53 -0400] "GET http://www.google.com/search?q=google HTTP/1.1" 404 237 "-" "-"
91.188.124.225 - - [30/Jun/2014:23:44:03 -0400] "GET http://92.222.28.46/httptest.php HTTP/1.1" 404 236 "-" "-"
91.188.124.225 - - [30/Jun/2014:23:44:04 -0400] "GET http://www.google.com/search?q=onet.pl HTTP/1.1" 404 237 "-" "-"
107.155.70.57 - - [30/Jun/2014:23:52:28 -0400] "GET http://www.google.com/search?btnG=1&filter=0&start=0&q=facebook.com HTTP/1.1" 404 284 "-" "Mozilla/5.0 (Windows; U; Windows NT 5.1; de; rv:1.9.2.3) Gecko/20100401 Firefox/3.6.3 (.NET CLR 3.5.30729) (Prevx 3.0.5)"
91.188.124.225 - - [01/Jul/2014:01:28:28 -0400] "GET http://www.google.com/search?q=ostro%C5%82%C4%99ka HTTP/1.1" 404 237 "-" "-"
91.188.124.225 - - [01/Jul/2014:01:28:28 -0400] "GET http://92.222.28.46/httptest.php HTTP/1.1" 404 236 "-" "-"
222.186.26.121 - - [01/Jul/2014:02:45:45 -0400] "GET /manager/html HTTP/1.1" 404 290 "-" "Mozilla/3.0 (compatible; Indy Library)"
222.186.26.121 - - [01/Jul/2014:02:45:47 -0400] "GET /manager/html HTTP/1.1" 404 289 "-" "Mozilla/3.0 (compatible; Indy Library)"
115.28.134.119 - - [01/Jul/2014:03:02:58 -0400] "-" 400 0 "-" "-"
115.28.134.119 - - [01/Jul/2014:03:03:10 -0400] "GET http://hotel.qunar.com/render/hoteldiv.jsp?&__jscallback=XQScript_4 HTTP/1.1" 404 244 "http://hotel.qunar.com/" "Mozilla/5.0 (Windows NT 6.1; WOW64) AppleWebKit/537.36 (KHTML, like Gecko) Chrome/35.0.1916.114 Safari/537.36"
114.232.166.108 - - [01/Jul/2014:03:03:27 -0400] "-" 400 0 "-" "-"
114.232.166.108 - - [01/Jul/2014:03:03:42 -0400] "GET http://hotel.qunar.com/render/hoteldiv.jsp?&__jscallback=XQScript_4 HTTP/1.1" 404 244 "http://hotel.qunar.com/" "Mozilla/5.0 (Windows NT 6.1; WOW64) AppleWebKit/537.36 (KHTML, like Gecko) Chrome/35.0.1916.114 Safari/537.36"
91.188.124.225 - - [01/Jul/2014:03:23:15 -0400] "GET http://92.222.28.46/httptest.php HTTP/1.1" 404 236 "-" "-"
91.188.124.225 - - [01/Jul/2014:03:23:15 -0400] "GET http://92.222.28.46/httptest.php HTTP/1.1" 404 236 "-" "-"
91.188.124.225 - - [01/Jul/2014:03:23:15 -0400] "GET http://www.google.com/search?q=onet.pl HTTP/1.1" 404 237 "-" "-"
91.188.124.225 - - [01/Jul/2014:03:23:15 -0400] "GET http://www.google.com/search?q=wakacje HTTP/1.1" 404 237 "-" "-"
107.155.70.57 - - [01/Jul/2014:05:08:05 -0400] "-" 400 0 "-" "-"
107.155.70.57 - - [01/Jul/2014:05:08:05 -0400] "-" 400 0 "-" "-"
107.155.70.57 - - [01/Jul/2014:05:17:32 -0400] "GET http://www.google.com/search?btnG=1&filter=0&start=0&q=facebook.com HTTP/1.1" 404 284 "-" "Mozilla/4.0 (compatible; MSIE 6.0; Windows NT 5.1; en) Opera 8.50"
91.188.124.225 - - [01/Jul/2014:05:17:40 -0400] "GET http://www.google.com/search?q=praca HTTP/1.1" 404 237 "-" "-"
91.188.124.225 - - [01/Jul/2014:05:17:40 -0400] "GET http://www.google.com/search?q=onet.pl HTTP/1.1" 404 237 "-" "-"
91.188.124.225 - - [01/Jul/2014:05:17:40 -0400] "GET http://92.222.28.46/httptest.php HTTP/1.1" 404 236 "-" "-"
91.188.124.225 - - [01/Jul/2014:05:17:40 -0400] "GET http://92.222.28.46/httptest.php HTTP/1.1" 404 236 "-" "-"
107.155.70.57 - - [01/Jul/2014:05:36:53 -0400] "GET http://www.google.com/search?btnG=1&filter=0&start=0&q=facebook.com HTTP/1.1" 404 284 "-" "Mozilla/5.0 (Windows; U; Windows NT 5.1; de; rv:1.9.2.3) Gecko/20100401 Firefox/3.6.3 (.NET CLR 3.5.30729) (Prevx 3.0.5)"
107.155.70.57 - - [01/Jul/2014:06:02:03 -0400] "GET http://www.google.com/search?btnG=1&filter=0&start=0&q=facebook.com HTTP/1.1" 404 284 "-" "Mozilla/5.0 (Windows; U; Windows NT 5.1; de; rv:1.9.2.3) Gecko/20100401 Firefox/3.6.3 (.NET CLR 3.5.30729) (Prevx 3.0.5)"
107.155.70.57 - - [01/Jul/2014:06:02:56 -0400] "GET http://www.google.com/search?btnG=1&filter=0&start=0&q=facebook.com HTTP/1.1" 404 284 "-" "Mozilla/5.0 (Windows; U; Windows NT 5.1; de; rv:1.9.2.3) Gecko/20100401 Firefox/3.6.3 (.NET CLR 3.5.30729) (Prevx 3.0.5)"
