107.155.70.57 - - [28/Jun/2014:07:40:11 -0400] "GET http://www.google.com/search?btnG=1&filter=0&start=0&q=facebook.com HTTP/1.1" 404 284 "-" "Mozilla/4.0 (compatible; MSIE 6.0; Windows NT 5.1; en) Opera 8.50"
107.155.70.57 - - [28/Jun/2014:08:05:33 -0400] "GET http://www.google.com/search?btnG=1&filter=0&start=0&q=facebook.com HTTP/1.1" 404 284 "-" "Mozilla/4.0 (compatible; MSIE 7.0; Windows NT 5.1)"
107.155.70.57 - - [28/Jun/2014:08:07:52 -0400] "-" 400 0 "-" "-"
107.155.70.57 - - [28/Jun/2014:08:07:53 -0400] "-" 400 0 "-" "-"
107.155.70.57 - - [28/Jun/2014:08:14:23 -0400] "GET http://www.google.com/search?btnG=1&filter=0&start=0&q=facebook.com HTTP/1.1" 404 284 "-" "Mozilla/4.0 (compatible; MSIE 6.0; Windows NT 5.1; en) Opera 8.50"
107.155.70.57 - - [28/Jun/2014:08:36:29 -0400] "GET http://www.google.com/search?btnG=1&filter=0&start=0&q=facebook.com HTTP/1.1" 404 284 "-" "Mozilla/5.0 (Windows; U; Windows NT 5.1; en-GB; rv:1.8.1.6) Gecko/20070725 Firefox/2.0.0.6"
107.155.70.57 - - [28/Jun/2014:08:49:39 -0400] "GET http://www.google.com/search?btnG=1&filter=0&start=0&q=facebook.com HTTP/1.1" 404 284 "-" "Opera/9.80 (Windows NT 5.1; U; en) Presto/2.6.30 Version/10.62"
91.188.124.225 - - [28/Jun/2014:08:49:54 -0400] "GET http://92.222.28.46/httptest.php HTTP/1.1" 404 236 "-" "-"
91.188.124.225 - - [28/Jun/2014:08:49:54 -0400] "GET http://92.222.28.46/httptest.php HTTP/1.1" 404 236 "-" "-"
91.188.124.225 - - [28/Jun/2014:08:49:55 -0400] "GET http://www.google.com/search?q=wakacje HTTP/1.1" 404 237 "-" "-"
91.188.124.225 - - [28/Jun/2014:08:49:55 -0400] "GET http://www.google.com/search?q=wakacje HTTP/1.1" 404 237 "-" "-"
91.188.124.225 - - [28/Jun/2014:08:50:05 -0400] "GET http://92.222.28.46/httptest.php HTTP/1.1" 404 236 "-" "-"
91.188.124.225 - - [28/Jun/2014:08:50:05 -0400] "GET http://92.222.28.46/httptest.php HTTP/1.1" 404 236 "-" "-"
91.188.124.225 - - [28/Jun/2014:08:50:06 -0400] "GET http://www.google.com/search?q=praca HTTP/1.1" 404 237 "-" "-"
91.188.124.225 - - [28/Jun/2014:08:50:06 -0400] "GET http://www.google.com/search?q=ostro%C5%82%C4%99ka HTTP/1.1" 404 237 "-" "-"
107.155.70.57 - - [28/Jun/2014:09:14:14 -0400] "GET http://www.google.com/search?btnG=1&filter=0&start=0&q=facebook.com HTTP/1.1" 404 284 "-" "Opera/9.20 (Windows NT 6.0; U; en)"
107.155.70.57 - - [28/Jun/2014:09:24:53 -0400] "GET http://www.google.com/search?btnG=1&filter=0&start=0&q=facebook.com HTTP/1.1" 404 284 "-" "Mozilla/4.0 (compatible; MSIE 6.0; Windows NT 5.1; en) Opera 8.50"
107.155.70.57 - - [28/Jun/2014:09:53:36 -0400] "-" 400 0 "-" "-"
107.155.70.57 - - [28/Jun/2014:09:53:37 -0400] "-" 400 0 "-" "-"
107.155.70.57 - - [28/Jun/2014:10:09:02 -0400] "GET http://www.google.com/search?btnG=1&filter=0&start=0&q=facebook.com HTTP/1.1" 404 284 "-" "Opera/9.20 (Windows NT 6.0; U; en)"
107.155.70.57 - - [28/Jun/2014:10:10:51 -0400] "GET http://www.google.com/search?btnG=1&filter=0&start=0&q=facebook.com HTTP/1.1" 404 284 "-" "Mozilla/4.0 (compatible; MSIE 6.0; Windows NT 5.1; en) Opera 8.50"
107.155.70.57 - - [28/Jun/2014:10:41:44 -0400] "GET http://www.google.com/search?btnG=1&filter=0&start=0&q=facebook.com HTTP/1.1" 404 284 "-" "Opera/9.80 (Windows NT 5.1; U; en) Presto/2.6.30 Version/10.62"
91.188.124.225 - - [28/Jun/2014:10:42:54 -0400] "GET http://92.222.28.46/httptest.php HTTP/1.1" 404 236 "-" "-"
91.188.124.225 - - [28/Jun/2014:10:42:55 -0400] "GET http://www.google.com/search?q=praca HTTP/1.1" 404 237 "-" "-"
91.188.124.225 - - [28/Jun/2014:10:43:04 -0400] "GET http://92.222.28.46/httptest.php HTTP/1.1" 404 236 "-" "-"
91.188.124.225 - - [28/Jun/2014:10:43:04 -0400] "GET http://www.google.com/search?q=wp.pl HTTP/1.1" 404 237 "-" "-"
107.155.70.57 - - [28/Jun/2014:11:15:21 -0400] "GET http://www.google.com/search?btnG=1&filter=0&start=0&q=facebook.com HTTP/1.1" 404 284 "-" "Opera/9.20 (Windows NT 6.0; U; en)"
107.155.70.57 - - [28/Jun/2014:11:38:30 -0400] "-" 400 0 "-" "-"
107.155.70.57 - - [28/Jun/2014:11:38:30 -0400] "-" 400 0 "-" "-"
107.155.70.57 - - [28/Jun/2014:11:45:20 -0400] "GET http://www.google.com/search?btnG=1&filter=0&start=0&q=facebook.com HTTP/1.1" 404 284 "-" "Mozilla/4.0 (compatible; MSIE 6.0; Windows NT 5.1; en) Opera 8.50"
173.44.134.140 - - [28/Jun/2014:11:48:27 -0400] "GET http://www.google.com/ HTTP/1.0" 200 1151 "-" "Mozilla/4.0 (compatible; MSIE 6.0; Windows NT 5.1)"
107.155.70.57 - - [28/Jun/2014:11:52:52 -0400] "GET http://www.google.com/search?btnG=1&filter=0&start=0&q=facebook.com HTTP/1.1" 404 284 "-" "Mozilla/4.0 (compatible; MSIE 6.0; Windows NT 5.1; en) Opera 8.50"
107.155.70.57 - - [28/Jun/2014:12:20:17 -0400] "GET http://www.google.com/search?btnG=1&filter=0&start=0&q=facebook.com HTTP/1.1" 404 284 "-" "Mozilla/5.0 (Windows; U; Windows NT 5.1; en-US; rv:1.7.5) Gecko/20060127 Netscape/8.1"
91.188.124.225 - - [28/Jun/2014:12:37:21 -0400] "GET http://www.google.com/search?q=ostro%C5%82%C4%99ka HTTP/1.1" 404 237 "-" "-"
91.188.124.225 - - [28/Jun/2014:12:37:33 -0400] "GET http://92.222.28.46/httptest.php HTTP/1.1" 404 236 "-" "-"
107.155.70.57 - - [28/Jun/2014:12:42:26 -0400] "GET http://www.google.com/search?btnG=1&filter=0&start=0&q=facebook.com HTTP/1.1" 404 284 "-" "Opera/9.80 (Windows NT 5.1; U; en) Presto/2.6.30 Version/10.62"
107.155.70.57 - - [28/Jun/2014:13:21:33 -0400] "GET http://www.google.com/search?btnG=1&filter=0&start=0&q=facebook.com HTTP/1.1" 404 284 "-" "Mozilla/5.0 (Windows; U; Windows NT 5.1; en-GB; rv:1.8.1.6) Gecko/20070725 Firefox/2.0.0.6"
107.155.70.57 - - [28/Jun/2014:13:23:10 -0400] "-" 400 0 "-" "-"
107.155.70.57 - - [28/Jun/2014:13:23:10 -0400] "-" 400 0 "-" "-"
107.155.70.57 - - [28/Jun/2014:13:34:24 -0400] "GET http://www.google.com/search?btnG=1&filter=0&start=0&q=facebook.com HTTP/1.1" 404 284 "-" "Mozilla/5.0 (Windows; U; Windows NT 5.1; en-US; rv:1.7.5) Gecko/20060127 Netscape/8.1"
173.44.134.140 - - [28/Jun/2014:14:06:22 -0400] "GET http://www.google.com/ HTTP/1.0" 200 1151 "-" "Mozilla/4.0 (compatible; MSIE 6.0; Windows NT 5.1)"
91.188.124.225 - - [28/Jun/2014:14:34:53 -0400] "GET http://www.google.com/search?q=onet.pl HTTP/1.1" 404 237 "-" "-"
91.188.124.225 - - [28/Jun/2014:14:34:53 -0400] "GET http://92.222.28.46/httptest.php HTTP/1.1" 404 236 "-" "-"
91.188.124.225 - - [28/Jun/2014:14:35:04 -0400] "GET http://92.222.28.46/httptest.php HTTP/1.1" 404 236 "-" "-"
91.188.124.225 - - [28/Jun/2014:14:35:04 -0400] "GET http://www.google.com/search?q=wczasy HTTP/1.1" 404 237 "-" "-"
107.155.70.57 - - [28/Jun/2014:15:36:48 -0400] "-" 400 0 "-" "-"
107.155.70.57 - - [28/Jun/2014:15:36:48 -0400] "-" 400 0 "-" "-"
107.155.70.57 - - [28/Jun/2014:16:06:38 -0400] "GET http://www.google.com/search?btnG=1&filter=0&start=0&q=facebook.com HTTP/1.1" 404 284 "-" "Mozilla/4.0 (compatible; MSIE 6.0; Windows NT 5.1; en) Opera 8.50"
107.155.70.57 - - [28/Jun/2014:16:10:25 -0400] "GET http://www.google.com/search?btnG=1&filter=0&start=0&q=facebook.com HTTP/1.1" 404 284 "-" "Opera/9.20 (Windows NT 6.0; U; en)"
107.155.70.57 - - [28/Jun/2014:16:42:31 -0400] "GET http://www.google.com/search?btnG=1&filter=0&start=0&q=facebook.com HTTP/1.1" 404 284 "-" "Mozilla/5.0 (Windows; U; Windows NT 5.1; en-GB; rv:1.8.1.6) Gecko/20070725 Firefox/2.0.0.6"
107.155.70.57 - - [28/Jun/2014:16:52:24 -0400] "GET http://www.google.com/search?btnG=1&filter=0&start=0&q=facebook.com HTTP/1.1" 404 284 "-" "Mozilla/5.0 (Windows; U; Windows NT 5.1; de; rv:1.9.2.3) Gecko/20100401 Firefox/3.6.3 (.NET CLR 3.5.30729) (Prevx 3.0.5)"
173.44.134.140 - - [28/Jun/2014:17:07:09 -0400] "GET http://www.google.com/ HTTP/1.0" 200 1151 "-" "Mozilla/4.0 (compatible; MSIE 6.0; Windows NT 5.1)"
107.155.70.57 - - [28/Jun/2014:17:20:39 -0400] "-" 400 0 "-" "-"
107.155.70.57 - - [28/Jun/2014:17:20:40 -0400] "-" 400 0 "-" "-"
107.155.70.57 - - [28/Jun/2014:17:25:57 -0400] "GET http://www.google.com/search?btnG=1&filter=0&start=0&q=facebook.com HTTP/1.1" 404 284 "-" "Mozilla/5.0 (Windows; U; Windows NT 5.1; de; rv:1.9.2.3) Gecko/20100401 Firefox/3.6.3 (.NET CLR 3.5.30729) (Prevx 3.0.5)"
107.155.70.57 - - [28/Jun/2014:17:29:13 -0400] "GET http://www.google.com/search?btnG=1&filter=0&start=0&q=facebook.com HTTP/1.1" 404 284 "-" "Opera/9.20 (Windows NT 6.0; U; en)"
122.224.49.124 - - [28/Jun/2014:17:37:08 -0400] "GET /manager/html HTTP/1.1" 404 289 "-" "Mozilla/3.0 (compatible; Indy Library)"
107.155.70.57 - - [28/Jun/2014:17:57:43 -0400] "GET http://www.google.com/search?btnG=1&filter=0&start=0&q=facebook.com HTTP/1.1" 404 284 "-" "Mozilla/4.0 (compatible; MSIE 7.0; Windows NT 5.1)"
107.155.70.57 - - [28/Jun/2014:18:10:50 -0400] "GET http://www.google.com/search?btnG=1&filter=0&start=0&q=facebook.com HTTP/1.1" 404 284 "-" "Opera/9.20 (Windows NT 6.0; U; en)"
91.188.124.225 - - [28/Jun/2014:18:19:41 -0400] "GET http://www.google.com/search?q=google HTTP/1.1" 404 237 "-" "-"
91.188.124.225 - - [28/Jun/2014:18:19:41 -0400] "GET http://www.google.com/search?q=wp.pl HTTP/1.1" 404 237 "-" "-"
91.188.124.225 - - [28/Jun/2014:18:19:41 -0400] "GET http://92.222.28.46/httptest.php HTTP/1.1" 404 236 "-" "-"
91.188.124.225 - - [28/Jun/2014:18:19:41 -0400] "GET http://92.222.28.46/httptest.php HTTP/1.1" 404 236 "-" "-"
107.155.70.57 - - [28/Jun/2014:18:32:25 -0400] "GET http://www.google.com/search?btnG=1&filter=0&start=0&q=facebook.com HTTP/1.1" 404 284 "-" "Mozilla/4.0 (compatible; MSIE 7.0; Windows NT 5.1)"
107.155.70.57 - - [28/Jun/2014:18:53:03 -0400] "GET http://www.google.com/search?btnG=1&filter=0&start=0&q=facebook.com HTTP/1.1" 404 284 "-" "Mozilla/5.0 (Windows; U; Windows NT 5.1; en-US; rv:1.7.5) Gecko/20060127 Netscape/8.1"
107.155.70.57 - - [28/Jun/2014:19:05:06 -0400] "-" 400 0 "-" "-"
107.155.70.57 - - [28/Jun/2014:19:05:06 -0400] "-" 400 0 "-" "-"
107.155.70.57 - - [28/Jun/2014:19:07:37 -0400] "GET http://www.google.com/search?btnG=1&filter=0&start=0&q=facebook.com HTTP/1.1" 404 284 "-" "Mozilla/4.0 (compatible; MSIE 6.0; Windows NT 5.1; en) Opera 8.50"
91.188.124.225 - - [28/Jun/2014:20:11:40 -0400] "GET http://92.222.28.46/httptest.php HTTP/1.1" 404 236 "-" "-"
91.188.124.225 - - [28/Jun/2014:20:11:40 -0400] "GET http://92.222.28.46/httptest.php HTTP/1.1" 404 236 "-" "-"
91.188.124.225 - - [28/Jun/2014:20:11:40 -0400] "GET http://www.google.com/search?q=wakacje HTTP/1.1" 404 237 "-" "-"
91.188.124.225 - - [28/Jun/2014:20:11:40 -0400] "GET http://www.google.com/search?q=google HTTP/1.1" 404 237 "-" "-"
107.155.70.57 - - [28/Jun/2014:21:05:16 -0400] "-" 400 0 "-" "-"
107.155.70.57 - - [28/Jun/2014:21:05:17 -0400] "-" 400 0 "-" "-"
178.19.99.22 - - [28/Jun/2014:21:26:24 -0400] "GET http://37.28.156.211/sprawdza.php HTTP/1.1" 404 289 "-" "Mozilla/5.0 (compatible; MSIE 9.0; Windows NT 6.1; Trident/5.0)"
107.155.70.57 - - [28/Jun/2014:21:38:33 -0400] "GET http://www.google.com/search?btnG=1&filter=0&start=0&q=facebook.com HTTP/1.1" 404 284 "-" "Mozilla/4.0 (compatible; MSIE 6.0; Windows NT 5.1; en) Opera 8.50"
91.188.124.232 - - [28/Jun/2014:21:47:27 -0400] "GET http://37.28.156.211/sprawdza.php HTTP/1.1" 404 289 "-" "Mozilla/5.0 (compatible; MSIE 9.0; Windows NT 6.1; Trident/5.0)"
107.155.70.57 - - [28/Jun/2014:21:50:25 -0400] "GET http://www.google.com/search?btnG=1&filter=0&start=0&q=facebook.com HTTP/1.1" 404 284 "-" "Mozilla/4.0 (compatible; MSIE 7.0; Windows NT 5.1)"
91.188.124.225 - - [28/Jun/2014:22:06:52 -0400] "GET http://92.222.28.46/httptest.php HTTP/1.1" 404 236 "-" "-"
91.188.124.225 - - [28/Jun/2014:22:06:52 -0400] "GET http://92.222.28.46/httptest.php HTTP/1.1" 404 236 "-" "-"
91.188.124.225 - - [28/Jun/2014:22:06:52 -0400] "GET http://www.google.com/search?q=ostro%C5%82%C4%99ka HTTP/1.1" 404 237 "-" "-"
91.188.124.225 - - [28/Jun/2014:22:06:52 -0400] "GET http://www.google.com/search?q=wczasy HTTP/1.1" 404 237 "-" "-"
91.188.124.225 - - [28/Jun/2014:22:07:03 -0400] "GET http://92.222.28.46/httptest.php HTTP/1.1" 404 236 "-" "-"
91.188.124.225 - - [28/Jun/2014:22:07:03 -0400] "GET http://92.222.28.46/httptest.php HTTP/1.1" 404 236 "-" "-"
91.188.124.225 - - [28/Jun/2014:22:07:03 -0400] "GET http://www.google.com/search?q=google HTTP/1.1" 404 237 "-" "-"
91.188.124.225 - - [28/Jun/2014:22:07:03 -0400] "GET http://www.google.com/search?q=wczasy HTTP/1.1" 404 237 "-" "-"
107.155.70.57 - - [28/Jun/2014:22:22:31 -0400] "GET http://www.google.com/search?btnG=1&filter=0&start=0&q=facebook.com HTTP/1.1" 404 284 "-" "Mozilla/4.0 (compatible; MSIE 7.0; Windows NT 5.1)"
107.155.70.57 - - [28/Jun/2014:22:24:32 -0400] "GET http://www.google.com/search?btnG=1&filter=0&start=0&q=facebook.com HTTP/1.1" 404 284 "-" "Mozilla/5.0 (Windows; U; Windows NT 5.1; en-GB; rv:1.8.1.6) Gecko/20070725 Firefox/2.0.0.6"
107.155.70.57 - - [28/Jun/2014:22:48:27 -0400] "-" 400 0 "-" "-"
107.155.70.57 - - [28/Jun/2014:22:48:28 -0400] "-" 400 0 "-" "-"
107.155.70.57 - - [28/Jun/2014:22:48:50 -0400] "GET http://www.google.com/search?btnG=1&filter=0&start=0&q=facebook.com HTTP/1.1" 404 284 "-" "Mozilla/5.0 (Windows; U; Windows NT 5.1; en-GB; rv:1.8.1.6) Gecko/20070725 Firefox/2.0.0.6"
107.155.70.57 - - [28/Jun/2014:22:49:19 -0400] "GET http://www.google.com/search?btnG=1&filter=0&start=0&q=facebook.com HTTP/1.1" 404 284 "-" "Opera/9.20 (Windows NT 6.0; U; en)"
107.155.70.57 - - [28/Jun/2014:23:37:30 -0400] "GET http://www.google.com/search?btnG=1&filter=0&start=0&q=facebook.com HTTP/1.1" 404 284 "-" "Mozilla/4.0 (compatible; MSIE 7.0; Windows NT 5.1)"
107.155.70.57 - - [28/Jun/2014:23:54:25 -0400] "GET http://www.google.com/search?btnG=1&filter=0&start=0&q=facebook.com HTTP/1.1" 404 284 "-" "Mozilla/4.0 (compatible; MSIE 6.0; Windows NT 5.1; en) Opera 8.50"
91.188.124.225 - - [28/Jun/2014:23:56:40 -0400] "GET http://92.222.28.46/httptest.php HTTP/1.1" 404 236 "-" "-"
91.188.124.225 - - [28/Jun/2014:23:56:41 -0400] "GET http://www.google.com/search?q=google HTTP/1.1" 404 237 "-" "-"
107.155.70.57 - - [29/Jun/2014:01:57:12 -0400] "-" 400 0 "-" "-"
107.155.70.57 - - [29/Jun/2014:01:57:13 -0400] "-" 400 0 "-" "-"
107.155.70.57 - - [29/Jun/2014:02:11:22 -0400] "GET http://www.google.com/search?btnG=1&filter=0&start=0&q=facebook.com HTTP/1.1" 404 284 "-" "Opera/9.20 (Windows NT 6.0; U; en)"
107.155.70.57 - - [29/Jun/2014:02:12:50 -0400] "GET http://www.google.com/search?btnG=1&filter=0&start=0&q=facebook.com HTTP/1.1" 404 284 "-" "Opera/9.20 (Windows NT 6.0; U; en)"
107.155.70.57 - - [29/Jun/2014:02:26:14 -0400] "GET http://www.google.com/search?btnG=1&filter=0&start=0&q=facebook.com HTTP/1.1" 404 284 "-" "Mozilla/5.0 (Windows; U; Windows NT 5.1; en-US; rv:1.7.5) Gecko/20060127 Netscape/8.1"
107.155.70.57 - - [29/Jun/2014:02:27:47 -0400] "GET http://www.google.com/search?btnG=1&filter=0&start=0&q=facebook.com HTTP/1.1" 404 284 "-" "Mozilla/5.0 (Windows; U; Windows NT 5.1; de; rv:1.9.2.3) Gecko/20100401 Firefox/3.6.3 (.NET CLR 3.5.30729) (Prevx 3.0.5)"
107.155.70.57 - - [29/Jun/2014:02:41:26 -0400] "GET http://www.google.com/search?btnG=1&filter=0&start=0&q=facebook.com HTTP/1.1" 404 284 "-" "Mozilla/4.0 (compatible; MSIE 6.0; Windows NT 5.1; en) Opera 8.50"
107.155.70.57 - - [29/Jun/2014:02:44:09 -0400] "GET http://www.google.com/search?btnG=1&filter=0&start=0&q=facebook.com HTTP/1.1" 404 284 "-" "Mozilla/4.0 (compatible; MSIE 6.0; Windows NT 5.1; en) Opera 8.50"
107.155.70.57 - - [29/Jun/2014:02:56:29 -0400] "GET http://www.google.com/search?btnG=1&filter=0&start=0&q=facebook.com HTTP/1.1" 404 284 "-" "Mozilla/4.0 (compatible; MSIE 6.0; Windows NT 5.1; en) Opera 8.50"
107.155.70.57 - - [29/Jun/2014:02:58:12 -0400] "GET http://www.google.com/search?btnG=1&filter=0&start=0&q=facebook.com HTTP/1.1" 404 284 "-" "Mozilla/5.0 (Windows; U; Windows NT 5.1; en-US; rv:1.7.5) Gecko/20060127 Netscape/8.1"
115.29.34.127 - - [29/Jun/2014:03:03:50 -0400] "-" 400 0 "-" "-"
115.29.34.127 - - [29/Jun/2014:03:04:02 -0400] "GET http://hotel.qunar.com/render/hoteldiv.jsp?&__jscallback=XQScript_4 HTTP/1.1" 404 244 "http://hotel.qunar.com/" "Mozilla/5.0 (Windows NT 6.1; WOW64) AppleWebKit/537.36 (KHTML, like Gecko) Chrome/35.0.1916.114 Safari/537.36"
182.18.23.26 - - [29/Jun/2014:03:04:44 -0400] "-" 400 0 "-" "-"
182.18.23.26 - - [29/Jun/2014:03:04:44 -0400] "-" 400 0 "-" "-"
182.18.23.26 - admin [29/Jun/2014:03:04:44 -0400] "GET /manager/html HTTP/1.1" 404 238 "-" "-"
182.18.23.26 - admin [29/Jun/2014:03:04:44 -0400] "GET /manager/html HTTP/1.1" 404 238 "-" "-"
114.231.43.146 - - [29/Jun/2014:03:04:53 -0400] "-" 400 0 "-" "-"
114.231.43.146 - - [29/Jun/2014:03:05:09 -0400] "GET http://hotel.qunar.com/render/hoteldiv.jsp?&__jscallback=XQScript_4 HTTP/1.1" 404 244 "http://hotel.qunar.com/" "Mozilla/5.0 (Windows NT 6.1; WOW64) AppleWebKit/537.36 (KHTML, like Gecko) Chrome/35.0.1916.114 Safari/537.36"
107.155.70.57 - - [29/Jun/2014:03:13:03 -0400] "GET http://www.google.com/search?btnG=1&filter=0&start=0&q=facebook.com HTTP/1.1" 404 284 "-" "Mozilla/4.0 (compatible; MSIE 7.0; Windows NT 5.1)"
107.155.70.57 - - [29/Jun/2014:03:13:09 -0400] "GET http://www.google.com/search?btnG=1&filter=0&start=0&q=facebook.com HTTP/1.1" 404 284 "-" "Mozilla/4.0 (compatible; MSIE 6.0; Windows NT 5.1; en) Opera 8.50"
107.155.70.57 - - [29/Jun/2014:03:27:12 -0400] "GET http://www.google.com/search?btnG=1&filter=0&start=0&q=facebook.com HTTP/1.1" 404 284 "-" "Mozilla/5.0 (Windows; U; Windows NT 5.1; de; rv:1.9.2.3) Gecko/20100401 Firefox/3.6.3 (.NET CLR 3.5.30729) (Prevx 3.0.5)"
107.155.70.57 - - [29/Jun/2014:03:30:01 -0400] "GET http://www.google.com/search?btnG=1&filter=0&start=0&q=facebook.com HTTP/1.1" 404 284 "-" "Mozilla/4.0 (compatible; MSIE 7.0; Windows NT 5.1)"
91.188.124.225 - - [29/Jun/2014:03:40:40 -0400] "GET http://www.google.com/search?q=wp.pl HTTP/1.1" 404 237 "-" "-"
91.188.124.225 - - [29/Jun/2014:03:40:40 -0400] "GET http://www.google.com/search?q=wczasy HTTP/1.1" 404 237 "-" "-"
91.188.124.225 - - [29/Jun/2014:03:40:41 -0400] "GET http://92.222.28.46/httptest.php HTTP/1.1" 404 236 "-" "-"
91.188.124.225 - - [29/Jun/2014:03:40:41 -0400] "GET http://92.222.28.46/httptest.php HTTP/1.1" 404 236 "-" "-"
107.155.70.57 - - [29/Jun/2014:03:43:33 -0400] "GET http://www.google.com/search?btnG=1&filter=0&start=0&q=facebook.com HTTP/1.1" 404 284 "-" "Mozilla/5.0 (Windows; U; Windows NT 5.1; de; rv:1.9.2.3) Gecko/20100401 Firefox/3.6.3 (.NET CLR 3.5.30729) (Prevx 3.0.5)"
107.155.70.57 - - [29/Jun/2014:03:43:45 -0400] "GET http://www.google.com/search?btnG=1&filter=0&start=0&q=facebook.com HTTP/1.1" 404 284 "-" "Mozilla/4.0 (compatible; MSIE 7.0; Windows NT 5.1)"
190.15.196.153 - - [29/Jun/2014:05:11:04 -0400] "HEAD / HTTP/1.0" 200 0 "-" "-"
190.15.196.153 - - [29/Jun/2014:05:11:04 -0400] "HEAD / HTTP/1.0" 200 0 "-" "-"
107.155.70.57 - - [29/Jun/2014:05:44:07 -0400] "-" 400 0 "-" "-"
107.155.70.57 - - [29/Jun/2014:05:51:02 -0400] "-" 400 0 "-" "-"
107.155.70.57 - - [29/Jun/2014:05:51:03 -0400] "-" 400 0 "-" "-"
107.155.70.57 - - [29/Jun/2014:06:01:05 -0400] "GET http://www.google.com/search?btnG=1&filter=0&start=0&q=facebook.com HTTP/1.1" 404 284 "-" "Opera/9.20 (Windows NT 6.0; U; en)"
107.155.70.57 - - [29/Jun/2014:06:03:41 -0400] "GET http://www.google.com/search?btnG=1&filter=0&start=0&q=facebook.com HTTP/1.1" 404 284 "-" "Mozilla/4.0 (compatible; MSIE 7.0; Windows NT 5.1)"
107.155.70.57 - - [29/Jun/2014:06:32:44 -0400] "GET http://www.google.com/search?btnG=1&filter=0&start=0&q=facebook.com HTTP/1.1" 404 284 "-" "Opera/9.20 (Windows NT 6.0; U; en)"
107.155.70.57 - - [29/Jun/2014:06:53:08 -0400] "GET http://www.google.com/search?btnG=1&filter=0&start=0&q=facebook.com HTTP/1.1" 404 284 "-" "Mozilla/5.0 (Windows; U; Windows NT 5.1; de; rv:1.9.2.3) Gecko/20100401 Firefox/3.6.3 (.NET CLR 3.5.30729) (Prevx 3.0.5)"
107.155.70.57 - - [29/Jun/2014:07:26:35 -0400] "GET http://www.google.com/search?btnG=1&filter=0&start=0&q=facebook.com HTTP/1.1" 404 284 "-" "Mozilla/5.0 (Windows; U; Windows NT 5.1; de; rv:1.9.2.3) Gecko/20100401 Firefox/3.6.3 (.NET CLR 3.5.30729) (Prevx 3.0.5)"
91.188.124.225 - - [29/Jun/2014:07:28:40 -0400] "GET http://92.222.28.46/httptest.php HTTP/1.1" 404 236 "-" "-"
91.188.124.225 - - [29/Jun/2014:07:28:40 -0400] "GET http://92.222.28.46/httptest.php HTTP/1.1" 404 236 "-" "-"
91.188.124.225 - - [29/Jun/2014:07:28:41 -0400] "GET http://www.google.com/search?q=wakacje HTTP/1.1" 404 237 "-" "-"
91.188.124.225 - - [29/Jun/2014:07:28:41 -0400] "GET http://www.google.com/search?q=google HTTP/1.1" 404 237 "-" "-"
107.155.70.57 - - [29/Jun/2014:07:31:46 -0400] "-" 400 0 "-" "-"
107.155.70.57 - - [29/Jun/2014:07:31:46 -0400] "-" 400 0 "-" "-"
107.155.70.57 - - [29/Jun/2014:07:36:14 -0400] "GET http://www.google.com/search?btnG=1&filter=0&start=0&q=facebook.com HTTP/1.1" 404 284 "-" "Mozilla/5.0 (Windows; U; Windows NT 5.1; en-GB; rv:1.8.1.6) Gecko/20070725 Firefox/2.0.0.6"
107.155.70.57 - - [29/Jun/2014:07:39:05 -0400] "-" 400 0 "-" "-"
107.155.70.57 - - [29/Jun/2014:07:39:05 -0400] "-" 400 0 "-" "-"
107.155.70.57 - - [29/Jun/2014:07:51:48 -0400] "GET http://www.google.com/search?btnG=1&filter=0&start=0&q=facebook.com HTTP/1.1" 404 284 "-" "Opera/9.80 (Windows NT 5.1; U; en) Presto/2.6.30 Version/10.62"
107.155.70.57 - - [29/Jun/2014:08:11:09 -0400] "GET http://www.google.com/search?btnG=1&filter=0&start=0&q=facebook.com HTTP/1.1" 404 284 "-" "Opera/9.20 (Windows NT 6.0; U; en)"
107.155.70.57 - - [29/Jun/2014:08:37:58 -0400] "GET http://www.google.com/search?btnG=1&filter=0&start=0&q=facebook.com HTTP/1.1" 404 284 "-" "Mozilla/4.0 (compatible; MSIE 6.0; Windows NT 5.1; en) Opera 8.50"
107.155.70.57 - - [29/Jun/2014:08:55:46 -0400] "GET http://www.google.com/search?btnG=1&filter=0&start=0&q=facebook.com HTTP/1.1" 404 284 "-" "Opera/9.80 (Windows NT 5.1; U; en) Presto/2.6.30 Version/10.62"
107.155.70.57 - - [29/Jun/2014:09:15:39 -0400] "GET http://www.google.com/search?btnG=1&filter=0&start=0&q=facebook.com HTTP/1.1" 404 284 "-" "Mozilla/5.0 (Windows; U; Windows NT 5.1; de; rv:1.9.2.3) Gecko/20100401 Firefox/3.6.3 (.NET CLR 3.5.30729) (Prevx 3.0.5)"
107.155.70.57 - - [29/Jun/2014:09:18:49 -0400] "-" 400 0 "-" "-"
107.155.70.57 - - [29/Jun/2014:09:18:49 -0400] "-" 400 0 "-" "-"
91.188.124.225 - - [29/Jun/2014:09:22:40 -0400] "GET http://www.google.com/search?q=polska+najlepsza HTTP/1.1" 404 237 "-" "-"
91.188.124.225 - - [29/Jun/2014:09:22:40 -0400] "GET http://92.222.28.46/httptest.php HTTP/1.1" 404 236 "-" "-"
91.188.124.225 - - [29/Jun/2014:09:22:40 -0400] "GET http://www.google.com/search?q=google HTTP/1.1" 404 237 "-" "-"
91.188.124.225 - - [29/Jun/2014:09:22:40 -0400] "GET http://92.222.28.46/httptest.php HTTP/1.1" 404 236 "-" "-"
107.155.70.57 - - [29/Jun/2014:09:26:27 -0400] "-" 400 0 "-" "-"
107.155.70.57 - - [29/Jun/2014:09:26:28 -0400] "-" 400 0 "-" "-"
107.155.70.57 - - [29/Jun/2014:09:30:34 -0400] "GET http://www.google.com/search?btnG=1&filter=0&start=0&q=facebook.com HTTP/1.1" 404 284 "-" "Mozilla/5.0 (Windows; U; Windows NT 5.1; en-GB; rv:1.8.1.6) Gecko/20070725 Firefox/2.0.0.6"
107.155.70.57 - - [29/Jun/2014:09:59:42 -0400] "GET http://www.google.com/search?btnG=1&filter=0&start=0&q=facebook.com HTTP/1.1" 404 284 "-" "Mozilla/5.0 (Windows; U; Windows NT 5.1; en-US; rv:1.7.5) Gecko/20060127 Netscape/8.1"
107.155.70.57 - - [29/Jun/2014:10:22:43 -0400] "GET http://www.google.com/search?btnG=1&filter=0&start=0&q=facebook.com HTTP/1.1" 404 284 "-" "Mozilla/4.0 (compatible; MSIE 6.0; Windows NT 5.1; en) Opera 8.50"
67.229.56.34 - - [29/Jun/2014:10:43:34 -0400] "GET /web-console/ServerInfo.jsp HTTP/1.1" 404 303 "-" "-"
107.155.70.57 - - [29/Jun/2014:10:45:22 -0400] "GET http://www.google.com/search?btnG=1&filter=0&start=0&q=facebook.com HTTP/1.1" 404 284 "-" "Mozilla/5.0 (Windows; U; Windows NT 5.1; de; rv:1.9.2.3) Gecko/20100401 Firefox/3.6.3 (.NET CLR 3.5.30729) (Prevx 3.0.5)"
107.155.70.57 - - [29/Jun/2014:10:47:16 -0400] "GET http://www.google.com/search?btnG=1&filter=0&start=0&q=facebook.com HTTP/1.1" 404 284 "-" "Opera/9.20 (Windows NT 6.0; U; en)"
107.155.70.57 - - [29/Jun/2014:11:05:30 -0400] "-" 400 0 "-" "-"
107.155.70.57 - - [29/Jun/2014:11:05:30 -0400] "-" 400 0 "-" "-"
107.155.70.57 - - [29/Jun/2014:11:13:05 -0400] "-" 400 0 "-" "-"
107.155.70.57 - - [29/Jun/2014:11:13:05 -0400] "-" 400 0 "-" "-"
91.188.124.225 - - [29/Jun/2014:11:17:40 -0400] "GET http://92.222.28.46/httptest.php HTTP/1.1" 404 236 "-" "-"
91.188.124.225 - - [29/Jun/2014:11:17:40 -0400] "GET http://92.222.28.46/httptest.php HTTP/1.1" 404 236 "-" "-"
91.188.124.225 - - [29/Jun/2014:11:17:40 -0400] "GET http://www.google.com/search?q=onet.pl HTTP/1.1" 404 237 "-" "-"
91.188.124.225 - - [29/Jun/2014:11:17:40 -0400] "GET http://www.google.com/search?q=google HTTP/1.1" 404 237 "-" "-"
107.155.70.57 - - [29/Jun/2014:11:29:27 -0400] "GET http://www.google.com/search?btnG=1&filter=0&start=0&q=facebook.com HTTP/1.1" 404 284 "-" "Mozilla/4.0 (compatible; MSIE 6.0; Windows NT 5.1; en) Opera 8.50"
122.224.49.124 - - [29/Jun/2014:11:43:47 -0400] "GET /manager/html HTTP/1.1" 404 290 "-" "Mozilla/3.0 (compatible; Indy Library)"
107.155.70.57 - - [29/Jun/2014:11:49:37 -0400] "GET http://www.google.com/search?btnG=1&filter=0&start=0&q=facebook.com HTTP/1.1" 404 284 "-" "Opera/9.20 (Windows NT 6.0; U; en)"
110.249.208.16 - - [29/Jun/2014:12:21:44 -0400] "GET http://www.daydaydata.com/proxy.txt HTTP/1.1" 404 291 "-" "-"
110.249.208.16 - - [29/Jun/2014:12:21:45 -0400] "GET http://www.daydaydata.com/proxy.txt HTTP/1.1" 404 291 "-" "-"
107.155.70.57 - - [29/Jun/2014:12:44:20 -0400] "GET http://www.google.com/search?btnG=1&filter=0&start=0&q=facebook.com HTTP/1.1" 404 284 "-" "Opera/9.80 (Windows NT 5.1; U; en) Presto/2.6.30 Version/10.62"
107.155.70.57 - - [29/Jun/2014:12:47:48 -0400] "GET http://www.google.com/search?btnG=1&filter=0&start=0&q=facebook.com HTTP/1.1" 404 284 "-" "Mozilla/4.0 (compatible; MSIE 7.0; Windows NT 5.1)"
107.155.70.57 - - [29/Jun/2014:12:50:51 -0400] "-" 400 0 "-" "-"
107.155.70.57 - - [29/Jun/2014:12:50:52 -0400] "-" 400 0 "-" "-"
107.155.70.57 - - [29/Jun/2014:12:59:07 -0400] "-" 400 0 "-" "-"
107.155.70.57 - - [29/Jun/2014:12:59:07 -0400] "-" 400 0 "-" "-"
107.155.70.57 - - [29/Jun/2014:13:01:04 -0400] "GET http://www.google.com/search?btnG=1&filter=0&start=0&q=facebook.com HTTP/1.1" 404 284 "-" "Mozilla/5.0 (Windows; U; Windows NT 5.1; en-GB; rv:1.8.1.6) Gecko/20070725 Firefox/2.0.0.6"
91.188.124.225 - - [29/Jun/2014:13:14:52 -0400] "GET http://92.222.28.46/httptest.php HTTP/1.1" 404 236 "-" "-"
91.188.124.225 - - [29/Jun/2014:13:14:52 -0400] "GET http://92.222.28.46/httptest.php HTTP/1.1" 404 236 "-" "-"
91.188.124.225 - - [29/Jun/2014:13:14:53 -0400] "GET http://www.google.com/search?q=onet.pl HTTP/1.1" 404 237 "-" "-"
91.188.124.225 - - [29/Jun/2014:13:14:53 -0400] "GET http://www.google.com/search?q=onet.pl HTTP/1.1" 404 237 "-" "-"
91.188.124.225 - - [29/Jun/2014:13:15:04 -0400] "GET http://92.222.28.46/httptest.php HTTP/1.1" 404 236 "-" "-"
91.188.124.225 - - [29/Jun/2014:13:15:04 -0400] "GET http://92.222.28.46/httptest.php HTTP/1.1" 404 236 "-" "-"
91.188.124.225 - - [29/Jun/2014:13:15:05 -0400] "GET http://www.google.com/search?q=wczasy HTTP/1.1" 404 237 "-" "-"
91.188.124.225 - - [29/Jun/2014:13:15:05 -0400] "GET http://www.google.com/search?q=onet.pl HTTP/1.1" 404 237 "-" "-"
107.155.70.57 - - [29/Jun/2014:13:23:40 -0400] "GET http://www.google.com/search?btnG=1&filter=0&start=0&q=facebook.com HTTP/1.1" 404 284 "-" "Mozilla/4.0 (compatible; MSIE 6.0; Windows NT 5.1; en) Opera 8.50"
192.99.161.74 - - [29/Jun/2014:13:25:52 -0400] "GET /w00tw00t.at.ISC.SANS.DFind:) HTTP/1.1" 400 181 "-" "-"
192.99.161.74 - - [29/Jun/2014:13:25:53 -0400] "GET /w00tw00t.at.ISC.SANS.DFind:) HTTP/1.1" 400 181 "-" "-"
107.155.70.57 - - [29/Jun/2014:14:01:18 -0400] "GET http://www.google.com/search?btnG=1&filter=0&start=0&q=facebook.com HTTP/1.1" 404 284 "-" "Mozilla/4.0 (compatible; MSIE 7.0; Windows NT 5.1)"
107.155.70.57 - - [29/Jun/2014:14:25:23 -0400] "GET http://www.google.com/search?btnG=1&filter=0&start=0&q=facebook.com HTTP/1.1" 404 284 "-" "Mozilla/4.0 (compatible; MSIE 6.0; Windows NT 5.1; en) Opera 8.50"
107.155.70.57 - - [29/Jun/2014:14:36:05 -0400] "-" 400 0 "-" "-"
107.155.70.57 - - [29/Jun/2014:14:36:06 -0400] "-" 400 0 "-" "-"
107.155.70.57 - - [29/Jun/2014:14:44:19 -0400] "-" 400 0 "-" "-"
107.155.70.57 - - [29/Jun/2014:14:44:19 -0400] "-" 400 0 "-" "-"
91.188.124.225 - - [29/Jun/2014:15:07:40 -0400] "GET http://92.222.28.46/httptest.php HTTP/1.1" 404 236 "-" "-"
91.188.124.225 - - [29/Jun/2014:15:07:41 -0400] "GET http://www.google.com/search?q=onet.pl HTTP/1.1" 404 237 "-" "-"
107.155.70.57 - - [29/Jun/2014:16:20:14 -0400] "-" 400 0 "-" "-"
107.155.70.57 - - [29/Jun/2014:16:20:14 -0400] "-" 400 0 "-" "-"
107.155.70.57 - - [29/Jun/2014:16:28:21 -0400] "-" 400 0 "-" "-"
107.155.70.57 - - [29/Jun/2014:16:28:21 -0400] "-" 400 0 "-" "-"
107.155.70.57 - - [29/Jun/2014:16:38:34 -0400] "GET http://www.google.com/search?btnG=1&filter=0&start=0&q=facebook.com HTTP/1.1" 404 284 "-" "Mozilla/5.0 (Windows; U; Windows NT 5.1; en-US; rv:1.7.5) Gecko/20060127 Netscape/8.1"
107.155.70.57 - - [29/Jun/2014:16:47:10 -0400] "GET http://www.google.com/search?btnG=1&filter=0&start=0&q=facebook.com HTTP/1.1" 404 284 "-" "Mozilla/5.0 (Windows; U; Windows NT 5.1; en-GB; rv:1.8.1.6) Gecko/20070725 Firefox/2.0.0.6"
115.239.248.112 - - [29/Jun/2014:16:49:27 -0400] "GET /manager/html HTTP/1.1" 404 290 "-" "Mozilla/3.0 (compatible; Indy Library)"
91.188.124.225 - - [29/Jun/2014:17:07:40 -0400] "GET http://92.222.28.46/httptest.php HTTP/1.1" 404 236 "-" "-"
91.188.124.225 - - [29/Jun/2014:17:07:44 -0400] "GET http://92.222.28.46/httptest.php HTTP/1.1" 404 236 "-" "-"
91.188.124.225 - - [29/Jun/2014:17:07:53 -0400] "GET http://www.google.com/search?q=wakacje HTTP/1.1" 404 237 "-" "-"
91.188.124.225 - - [29/Jun/2014:17:07:53 -0400] "GET http://www.google.com/search?q=praca HTTP/1.1" 404 237 "-" "-"
107.155.70.57 - - [29/Jun/2014:17:30:23 -0400] "GET http://www.google.com/search?btnG=1&filter=0&start=0&q=facebook.com HTTP/1.1" 404 284 "-" "Mozilla/4.0 (compatible; MSIE 7.0; Windows NT 5.1)"
107.155.70.57 - - [29/Jun/2014:17:31:29 -0400] "GET http://www.google.com/search?btnG=1&filter=0&start=0&q=facebook.com HTTP/1.1" 404 284 "-" "Opera/9.80 (Windows NT 5.1; U; en) Presto/2.6.30 Version/10.62"
107.155.70.57 - - [29/Jun/2014:17:55:05 -0400] "GET http://www.google.com/search?btnG=1&filter=0&start=0&q=facebook.com HTTP/1.1" 404 284 "-" "Mozilla/4.0 (compatible; MSIE 7.0; Windows NT 5.1)"
107.155.70.57 - - [29/Jun/2014:17:58:33 -0400] "GET http://www.google.com/search?btnG=1&filter=0&start=0&q=facebook.com HTTP/1.1" 404 284 "-" "Mozilla/4.0 (compatible; MSIE 6.0; Windows NT 5.1; en) Opera 8.50"
107.155.70.57 - - [29/Jun/2014:18:05:03 -0400] "-" 400 0 "-" "-"
107.155.70.57 - - [29/Jun/2014:18:05:03 -0400] "-" 400 0 "-" "-"
107.155.70.57 - - [29/Jun/2014:18:12:54 -0400] "-" 400 0 "-" "-"
107.155.70.57 - - [29/Jun/2014:18:12:54 -0400] "-" 400 0 "-" "-"
107.155.70.57 - - [29/Jun/2014:18:36:34 -0400] "GET http://www.google.com/search?btnG=1&filter=0&start=0&q=facebook.com HTTP/1.1" 404 284 "-" "Opera/9.80 (Windows NT 5.1; U; en) Presto/2.6.30 Version/10.62"
107.155.70.57 - - [29/Jun/2014:18:39:50 -0400] "GET http://www.google.com/search?btnG=1&filter=0&start=0&q=facebook.com HTTP/1.1" 404 284 "-" "Mozilla/4.0 (compatible; MSIE 6.0; Windows NT 5.1; en) Opera 8.50"
107.155.70.57 - - [29/Jun/2014:19:02:04 -0400] "GET http://www.google.com/search?btnG=1&filter=0&start=0&q=facebook.com HTTP/1.1" 404 284 "-" "Opera/9.20 (Windows NT 6.0; U; en)"
91.188.124.225 - - [29/Jun/2014:19:03:40 -0400] "GET http://92.222.28.46/httptest.php HTTP/1.1" 404 236 "-" "-"
91.188.124.225 - - [29/Jun/2014:19:03:41 -0400] "GET http://www.google.com/search?q=google HTTP/1.1" 404 237 "-" "-"
107.155.70.57 - - [29/Jun/2014:19:05:53 -0400] "GET http://www.google.com/search?btnG=1&filter=0&start=0&q=facebook.com HTTP/1.1" 404 284 "-" "Mozilla/4.0 (compatible; MSIE 7.0; Windows NT 5.1)"
107.155.70.57 - - [29/Jun/2014:19:43:27 -0400] "GET http://www.google.com/search?btnG=1&filter=0&start=0&q=facebook.com HTTP/1.1" 404 284 "-" "Opera/9.80 (Windows NT 5.1; U; en) Presto/2.6.30 Version/10.62"
107.155.70.57 - - [29/Jun/2014:19:46:10 -0400] "GET http://www.google.com/search?btnG=1&filter=0&start=0&q=facebook.com HTTP/1.1" 404 284 "-" "Opera/9.20 (Windows NT 6.0; U; en)"
107.155.70.57 - - [29/Jun/2014:19:49:14 -0400] "-" 400 0 "-" "-"
107.155.70.57 - - [29/Jun/2014:19:49:15 -0400] "-" 400 0 "-" "-"
107.155.70.57 - - [29/Jun/2014:19:57:45 -0400] "-" 400 0 "-" "-"
107.155.70.57 - - [29/Jun/2014:19:57:45 -0400] "-" 400 0 "-" "-"
107.155.70.57 - - [29/Jun/2014:20:24:50 -0400] "GET http://www.google.com/search?btnG=1&filter=0&start=0&q=facebook.com HTTP/1.1" 404 284 "-" "Mozilla/5.0 (Windows; U; Windows NT 5.1; en-US; rv:1.7.5) Gecko/20060127 Netscape/8.1"
107.155.70.57 - - [29/Jun/2014:20:35:46 -0400] "GET http://www.google.com/search?btnG=1&filter=0&start=0&q=facebook.com HTTP/1.1" 404 284 "-" "Opera/9.80 (Windows NT 5.1; U; en) Presto/2.6.30 Version/10.62"
107.155.70.57 - - [29/Jun/2014:21:00:43 -0400] "GET http://www.google.com/search?btnG=1&filter=0&start=0&q=facebook.com HTTP/1.1" 404 284 "-" "Mozilla/4.0 (compatible; MSIE 7.0; Windows NT 5.1)"
91.188.124.225 - - [29/Jun/2014:21:00:54 -0400] "GET http://92.222.28.46/httptest.php HTTP/1.1" 404 236 "-" "-"
91.188.124.225 - - [29/Jun/2014:21:00:55 -0400] "GET http://www.google.com/search?q=ostro%C5%82%C4%99ka HTTP/1.1" 404 237 "-" "-"
91.188.124.225 - - [29/Jun/2014:21:01:02 -0400] "GET http://92.222.28.46/httptest.php HTTP/1.1" 404 236 "-" "-"
91.188.124.225 - - [29/Jun/2014:21:01:02 -0400] "GET http://www.google.com/search?q=polska+najlepsza HTTP/1.1" 404 237 "-" "-"
107.155.70.57 - - [29/Jun/2014:21:29:20 -0400] "GET http://www.google.com/search?btnG=1&filter=0&start=0&q=facebook.com HTTP/1.1" 404 284 "-" "Mozilla/4.0 (compatible; MSIE 7.0; Windows NT 5.1)"
178.19.99.22 - - [29/Jun/2014:21:31:19 -0400] "GET http://37.28.156.211/sprawdza.php HTTP/1.1" 404 289 "-" "Mozilla/5.0 (compatible; MSIE 9.0; Windows NT 6.1; Trident/5.0)"
107.155.70.57 - - [29/Jun/2014:21:33:12 -0400] "-" 400 0 "-" "-"
107.155.70.57 - - [29/Jun/2014:21:33:12 -0400] "-" 400 0 "-" "-"
107.155.70.57 - - [29/Jun/2014:21:41:50 -0400] "-" 400 0 "-" "-"
107.155.70.57 - - [29/Jun/2014:21:41:51 -0400] "-" 400 0 "-" "-"
91.188.124.225 - - [29/Jun/2014:22:48:53 -0400] "GET http://92.222.28.46/httptest.php HTTP/1.1" 404 236 "-" "-"
91.188.124.225 - - [29/Jun/2014:22:48:53 -0400] "GET http://92.222.28.46/httptest.php HTTP/1.1" 404 236 "-" "-"
91.188.124.225 - - [29/Jun/2014:22:48:54 -0400] "GET http://www.google.com/search?q=wp.pl HTTP/1.1" 404 237 "-" "-"
91.188.124.225 - - [29/Jun/2014:22:48:54 -0400] "GET http://www.google.com/search?q=wp.pl HTTP/1.1" 404 237 "-" "-"
91.188.124.225 - - [29/Jun/2014:22:49:03 -0400] "GET http://92.222.28.46/httptest.php HTTP/1.1" 404 236 "-" "-"
91.188.124.225 - - [29/Jun/2014:22:49:03 -0400] "GET http://92.222.28.46/httptest.php HTTP/1.1" 404 236 "-" "-"
91.188.124.225 - - [29/Jun/2014:22:49:04 -0400] "GET http://www.google.com/search?q=wp.pl HTTP/1.1" 404 237 "-" "-"
91.188.124.225 - - [29/Jun/2014:22:49:04 -0400] "GET http://www.google.com/search?q=ostro%C5%82%C4%99ka HTTP/1.1" 404 237 "-" "-"
107.155.70.57 - - [29/Jun/2014:23:16:44 -0400] "-" 400 0 "-" "-"
107.155.70.57 - - [29/Jun/2014:23:16:44 -0400] "-" 400 0 "-" "-"
107.155.70.57 - - [29/Jun/2014:23:31:41 -0400] "GET http://www.google.com/search?btnG=1&filter=0&start=0&q=facebook.com HTTP/1.1" 404 284 "-" "Mozilla/5.0 (Windows; U; Windows NT 5.1; en-GB; rv:1.8.1.6) Gecko/20070725 Firefox/2.0.0.6"
107.155.70.57 - - [29/Jun/2014:23:38:57 -0400] "-" 400 0 "-" "-"
107.155.70.57 - - [29/Jun/2014:23:38:57 -0400] "-" 400 0 "-" "-"
107.155.70.57 - - [29/Jun/2014:23:42:42 -0400] "GET http://www.google.com/search?btnG=1&filter=0&start=0&q=facebook.com HTTP/1.1" 404 284 "-" "Mozilla/5.0 (Windows; U; Windows NT 5.1; de; rv:1.9.2.3) Gecko/20100401 Firefox/3.6.3 (.NET CLR 3.5.30729) (Prevx 3.0.5)"
91.188.124.225 - - [30/Jun/2014:00:40:42 -0400] "GET http://www.google.com/search?q=wakacje HTTP/1.1" 404 237 "-" "-"
91.188.124.225 - - [30/Jun/2014:00:40:42 -0400] "GET http://92.222.28.46/httptest.php HTTP/1.1" 404 236 "-" "-"
107.155.70.57 - - [30/Jun/2014:01:02:07 -0400] "-" 400 0 "-" "-"
107.155.70.57 - - [30/Jun/2014:01:02:08 -0400] "-" 400 0 "-" "-"
107.155.70.57 - - [30/Jun/2014:01:18:42 -0400] "GET http://www.google.com/search?btnG=1&filter=0&start=0&q=facebook.com HTTP/1.1" 404 284 "-" "Mozilla/5.0 (Windows; U; Windows NT 5.1; de; rv:1.9.2.3) Gecko/20100401 Firefox/3.6.3 (.NET CLR 3.5.30729) (Prevx 3.0.5)"
107.155.70.57 - - [30/Jun/2014:01:31:14 -0400] "GET http://www.google.com/search?btnG=1&filter=0&start=0&q=facebook.com HTTP/1.1" 404 284 "-" "Mozilla/4.0 (compatible; MSIE 7.0; Windows NT 5.1)"
107.155.70.57 - - [30/Jun/2014:01:36:47 -0400] "-" 400 0 "-" "-"
107.155.70.57 - - [30/Jun/2014:01:36:47 -0400] "-" 400 0 "-" "-"
107.155.70.57 - - [30/Jun/2014:01:50:30 -0400] "GET http://www.google.com/search?btnG=1&filter=0&start=0&q=facebook.com HTTP/1.1" 404 284 "-" "Opera/9.20 (Windows NT 6.0; U; en)"
107.155.70.57 - - [30/Jun/2014:02:08:22 -0400] "GET http://www.google.com/search?btnG=1&filter=0&start=0&q=facebook.com HTTP/1.1" 404 284 "-" "Opera/9.20 (Windows NT 6.0; U; en)"
107.155.70.57 - - [30/Jun/2014:02:28:26 -0400] "GET http://www.google.com/search?btnG=1&filter=0&start=0&q=facebook.com HTTP/1.1" 404 284 "-" "Mozilla/5.0 (Windows; U; Windows NT 5.1; en-US; rv:1.7.5) Gecko/20060127 Netscape/8.1"
107.155.70.57 - - [30/Jun/2014:02:31:06 -0400] "GET http://www.google.com/search?btnG=1&filter=0&start=0&q=facebook.com HTTP/1.1" 404 284 "-" "Mozilla/4.0 (compatible; MSIE 7.0; Windows NT 5.1)"
91.188.124.225 - - [30/Jun/2014:02:37:16 -0400] "GET http://92.222.28.46/httptest.php HTTP/1.1" 404 236 "-" "-"
91.188.124.225 - - [30/Jun/2014:02:37:16 -0400] "GET http://92.222.28.46/httptest.php HTTP/1.1" 404 236 "-" "-"
91.188.124.225 - - [30/Jun/2014:02:37:16 -0400] "GET http://www.google.com/search?q=onet.pl HTTP/1.1" 404 237 "-" "-"
91.188.124.225 - - [30/Jun/2014:02:37:16 -0400] "GET http://www.google.com/search?q=wczasy HTTP/1.1" 404 237 "-" "-"
107.155.70.57 - - [30/Jun/2014:02:48:26 -0400] "-" 400 0 "-" "-"
107.155.70.57 - - [30/Jun/2014:02:48:26 -0400] "-" 400 0 "-" "-"
107.155.70.57 - - [30/Jun/2014:02:57:02 -0400] "GET http://www.google.com/search?btnG=1&filter=0&start=0&q=facebook.com HTTP/1.1" 404 284 "-" "Mozilla/4.0 (compatible; MSIE 7.0; Windows NT 5.1)"
115.28.140.10 - - [30/Jun/2014:03:03:32 -0400] "-" 400 0 "-" "-"
115.28.140.10 - - [30/Jun/2014:03:03:42 -0400] "GET http://hotel.qunar.com/render/hoteldiv.jsp?&__jscallback=XQScript_4 HTTP/1.1" 404 244 "http://hotel.qunar.com/" "Mozilla/5.0 (Windows NT 6.1; WOW64) AppleWebKit/537.36 (KHTML, like Gecko) Chrome/35.0.1916.114 Safari/537.36"
91.188.124.225 - - [30/Jun/2014:04:34:52 -0400] "GET http://92.222.28.46/httptest.php HTTP/1.1" 404 236 "-" "-"
91.188.124.225 - - [30/Jun/2014:04:34:52 -0400] "GET http://92.222.28.46/httptest.php HTTP/1.1" 404 236 "-" "-"
91.188.124.225 - - [30/Jun/2014:04:34:53 -0400] "GET http://www.google.com/search?q=praca HTTP/1.1" 404 237 "-" "-"
91.188.124.225 - - [30/Jun/2014:04:34:53 -0400] "GET http://www.google.com/search?q=praca HTTP/1.1" 404 237 "-" "-"
91.188.124.225 - - [30/Jun/2014:04:35:05 -0400] "GET http://www.google.com/search?q=onet.pl HTTP/1.1" 404 237 "-" "-"
91.188.124.225 - - [30/Jun/2014:04:35:05 -0400] "GET http://92.222.28.46/httptest.php HTTP/1.1" 404 236 "-" "-"
91.188.124.225 - - [30/Jun/2014:04:35:05 -0400] "GET http://92.222.28.46/httptest.php HTTP/1.1" 404 236 "-" "-"
91.188.124.225 - - [30/Jun/2014:04:35:05 -0400] "GET http://www.google.com/search?q=ostro%C5%82%C4%99ka HTTP/1.1" 404 237 "-" "-"
107.155.70.57 - - [30/Jun/2014:04:35:18 -0400] "-" 400 0 "-" "-"
107.155.70.57 - - [30/Jun/2014:04:35:18 -0400] "-" 400 0 "-" "-"
107.155.70.57 - - [30/Jun/2014:04:48:05 -0400] "GET http://www.google.com/search?btnG=1&filter=0&start=0&q=facebook.com HTTP/1.1" 404 284 "-" "Opera/9.20 (Windows NT 6.0; U; en)"
107.155.70.57 - - [30/Jun/2014:04:51:34 -0400] "GET http://www.google.com/search?btnG=1&filter=0&start=0&q=facebook.com HTTP/1.1" 404 284 "-" "Mozilla/5.0 (Windows; U; Windows NT 5.1; de; rv:1.9.2.3) Gecko/20100401 Firefox/3.6.3 (.NET CLR 3.5.30729) (Prevx 3.0.5)"
107.155.70.57 - - [30/Jun/2014:05:12:24 -0400] "-" 400 0 "-" "-"
107.155.70.57 - - [30/Jun/2014:05:12:24 -0400] "-" 400 0 "-" "-"
107.155.70.57 - - [30/Jun/2014:05:25:00 -0400] "GET http://www.google.com/search?btnG=1&filter=0&start=0&q=facebook.com HTTP/1.1" 404 284 "-" "Mozilla/5.0 (Windows; U; Windows NT 5.1; en-US; rv:1.7.5) Gecko/20060127 Netscape/8.1"
107.155.70.57 - - [30/Jun/2014:05:34:53 -0400] "GET http://www.google.com/search?btnG=1&filter=0&start=0&q=facebook.com HTTP/1.1" 404 284 "-" "Opera/9.20 (Windows NT 6.0; U; en)"
91.188.124.232 - - [30/Jun/2014:06:02:14 -0400] "GET http://37.28.156.211/sprawdza.php HTTP/1.1" 404 289 "-" "Mozilla/5.0 (compatible; MSIE 9.0; Windows NT 6.1; Trident/5.0)"
107.155.70.57 - - [30/Jun/2014:06:10:52 -0400] "GET http://www.google.com/search?btnG=1&filter=0&start=0&q=facebook.com HTTP/1.1" 404 284 "-" "Mozilla/5.0 (Windows; U; Windows NT 5.1; en-GB; rv:1.8.1.6) Gecko/20070725 Firefox/2.0.0.6"
107.155.70.57 - - [30/Jun/2014:06:14:08 -0400] "GET http://www.google.com/search?btnG=1&filter=0&start=0&q=facebook.com HTTP/1.1" 404 284 "-" "Opera/9.20 (Windows NT 6.0; U; en)"
107.155.70.57 - - [30/Jun/2014:06:22:21 -0400] "-" 400 0 "-" "-"
107.155.70.57 - - [30/Jun/2014:06:22:21 -0400] "-" 400 0 "-" "-"
91.188.124.225 - - [30/Jun/2014:06:35:41 -0400] "GET http://92.222.28.46/httptest.php HTTP/1.1" 404 236 "-" "-"
91.188.124.225 - - [30/Jun/2014:06:35:41 -0400] "GET http://92.222.28.46/httptest.php HTTP/1.1" 404 236 "-" "-"
91.188.124.225 - - [30/Jun/2014:06:35:41 -0400] "GET http://www.google.com/search?q=wakacje HTTP/1.1" 404 237 "-" "-"
91.188.124.225 - - [30/Jun/2014:06:35:41 -0400] "GET http://www.google.com/search?q=google HTTP/1.1" 404 237 "-" "-"
107.155.70.57 - - [30/Jun/2014:06:38:21 -0400] "GET http://www.google.com/search?btnG=1&filter=0&start=0&q=facebook.com HTTP/1.1" 404 284 "-" "Mozilla/5.0 (Windows; U; Windows NT 5.1; en-US; rv:1.7.5) Gecko/20060127 Netscape/8.1"
107.155.70.57 - - [30/Jun/2014:06:58:39 -0400] "GET http://www.google.com/search?btnG=1&filter=0&start=0&q=facebook.com HTTP/1.1" 404 284 "-" "Mozilla/4.0 (compatible; MSIE 6.0; Windows NT 5.1; en) Opera 8.50"
107.155.70.57 - - [30/Jun/2014:06:59:39 -0400] "-" 400 0 "-" "-"
107.155.70.57 - - [30/Jun/2014:06:59:39 -0400] "-" 400 0 "-" "-"
107.155.70.57 - - [30/Jun/2014:07:38:40 -0400] "GET http://www.google.com/search?btnG=1&filter=0&start=0&q=facebook.com HTTP/1.1" 404 284 "-" "Opera/9.20 (Windows NT 6.0; U; en)"
107.155.70.57 - - [30/Jun/2014:07:43:58 -0400] "GET http://www.google.com/search?btnG=1&filter=0&start=0&q=facebook.com HTTP/1.1" 404 284 "-" "Mozilla/5.0 (Windows; U; Windows NT 5.1; en-US; rv:1.7.5) Gecko/20060127 Netscape/8.1"
107.155.70.57 - - [30/Jun/2014:07:57:35 -0400] "GET http://www.google.com/search?btnG=1&filter=0&start=0&q=facebook.com HTTP/1.1" 404 284 "-" "Opera/9.80 (Windows NT 5.1; U; en) Presto/2.6.30 Version/10.62"
107.155.70.57 - - [30/Jun/2014:08:09:38 -0400] "-" 400 0 "-" "-"
107.155.70.57 - - [30/Jun/2014:08:09:39 -0400] "-" 400 0 "-" "-"
107.155.70.57 - - [30/Jun/2014:08:14:13 -0400] "GET http://www.google.com/search?btnG=1&filter=0&start=0&q=facebook.com HTTP/1.1" 404 284 "-" "Mozilla/5.0 (Windows; U; Windows NT 5.1; de; rv:1.9.2.3) Gecko/20100401 Firefox/3.6.3 (.NET CLR 3.5.30729) (Prevx 3.0.5)"
91.188.124.225 - - [30/Jun/2014:08:21:52 -0400] "GET http://www.google.com/search?q=wakacje HTTP/1.1" 404 237 "-" "-"
91.188.124.225 - - [30/Jun/2014:08:21:52 -0400] "GET http://92.222.28.46/httptest.php HTTP/1.1" 404 236 "-" "-"
91.188.124.225 - - [30/Jun/2014:08:22:02 -0400] "GET http://www.google.com/search?q=wczasy HTTP/1.1" 404 237 "-" "-"
91.188.124.225 - - [30/Jun/2014:08:22:02 -0400] "GET http://92.222.28.46/httptest.php HTTP/1.1" 404 236 "-" "-"
107.155.70.57 - - [30/Jun/2014:08:46:14 -0400] "-" 400 0 "-" "-"
107.155.70.57 - - [30/Jun/2014:08:46:14 -0400] "-" 400 0 "-" "-"
107.155.70.57 - - [30/Jun/2014:08:48:15 -0400] "GET http://www.google.com/search?btnG=1&filter=0&start=0&q=facebook.com HTTP/1.1" 404 284 "-" "Mozilla/4.0 (compatible; MSIE 7.0; Windows NT 5.1)"
107.155.70.57 - - [30/Jun/2014:08:58:56 -0400] "GET http://www.google.com/search?btnG=1&filter=0&start=0&q=facebook.com HTTP/1.1" 404 284 "-" "Opera/9.80 (Windows NT 5.1; U; en) Presto/2.6.30 Version/10.62"
107.155.70.57 - - [30/Jun/2014:09:30:11 -0400] "GET http://www.google.com/search?btnG=1&filter=0&start=0&q=facebook.com HTTP/1.1" 404 284 "-" "Mozilla/5.0 (Windows; U; Windows NT 5.1; en-GB; rv:1.8.1.6) Gecko/20070725 Firefox/2.0.0.6"
107.155.70.57 - - [30/Jun/2014:09:47:19 -0400] "GET http://www.google.com/search?btnG=1&filter=0&start=0&q=facebook.com HTTP/1.1" 404 284 "-" "Mozilla/5.0 (Windows; U; Windows NT 5.1; en-GB; rv:1.8.1.6) Gecko/20070725 Firefox/2.0.0.6"
107.155.70.57 - - [30/Jun/2014:09:55:22 -0400] "-" 400 0 "-" "-"
107.155.70.57 - - [30/Jun/2014:09:55:22 -0400] "-" 400 0 "-" "-"
91.188.124.225 - - [30/Jun/2014:10:16:53 -0400] "GET http://92.222.28.46/httptest.php HTTP/1.1" 404 236 "-" "-"
91.188.124.225 - - [30/Jun/2014:10:16:53 -0400] "GET http://www.google.com/search?q=onet.pl HTTP/1.1" 404 237 "-" "-"
91.188.124.225 - - [30/Jun/2014:10:17:03 -0400] "GET http://92.222.28.46/httptest.php HTTP/1.1" 404 236 "-" "-"
91.188.124.225 - - [30/Jun/2014:10:17:03 -0400] "GET http://www.google.com/search?q=polska+najlepsza HTTP/1.1" 404 237 "-" "-"
107.155.70.57 - - [30/Jun/2014:10:21:31 -0400] "GET http://www.google.com/search?btnG=1&filter=0&start=0&q=facebook.com HTTP/1.1" 404 284 "-" "Mozilla/5.0 (Windows; U; Windows NT 5.1; en-US; rv:1.7.5) Gecko/20060127 Netscape/8.1"
107.155.70.57 - - [30/Jun/2014:10:31:37 -0400] "-" 400 0 "-" "-"
107.155.70.57 - - [30/Jun/2014:10:41:16 -0400] "GET http://www.google.com/search?btnG=1&filter=0&start=0&q=facebook.com HTTP/1.1" 404 284 "-" "Mozilla/4.0 (compatible; MSIE 6.0; Windows NT 5.1; en) Opera 8.50"
107.155.70.57 - - [30/Jun/2014:11:03:11 -0400] "GET http://www.google.com/search?btnG=1&filter=0&start=0&q=facebook.com HTTP/1.1" 404 284 "-" "Mozilla/5.0 (Windows; U; Windows NT 5.1; en-US; rv:1.7.5) Gecko/20060127 Netscape/8.1"
107.155.70.57 - - [30/Jun/2014:11:05:29 -0400] "GET http://www.google.com/search?btnG=1&filter=0&start=0&q=facebook.com HTTP/1.1" 404 284 "-" "Mozilla/5.0 (Windows; U; Windows NT 5.1; en-GB; rv:1.8.1.6) Gecko/20070725 Firefox/2.0.0.6"
193.34.144.203 - - [30/Jun/2014:11:19:55 -0400] "GET http://www.google.com/ HTTP/1.0" 200 1151 "-" "Mozilla/4.0 (compatible; MSIE 6.0; Windows NT 5.1)"
107.155.70.57 - - [30/Jun/2014:11:39:57 -0400] "-" 400 0 "-" "-"
107.155.70.57 - - [30/Jun/2014:11:39:57 -0400] "-" 400 0 "-" "-"
91.188.124.225 - - [30/Jun/2014:12:09:53 -0400] "GET http://92.222.28.46/httptest.php HTTP/1.1" 404 236 "-" "-"
91.188.124.225 - - [30/Jun/2014:12:09:53 -0400] "GET http://www.google.com/search?q=polska+najlepsza HTTP/1.1" 404 237 "-" "-"
91.188.124.225 - - [30/Jun/2014:12:10:04 -0400] "GET http://92.222.28.46/httptest.php HTTP/1.1" 404 236 "-" "-"
91.188.124.225 - - [30/Jun/2014:12:10:04 -0400] "GET http://www.google.com/search?q=google HTTP/1.1" 404 237 "-" "-"
107.155.70.57 - - [30/Jun/2014:12:16:17 -0400] "-" 400 0 "-" "-"
107.155.70.57 - - [30/Jun/2014:12:16:17 -0400] "-" 400 0 "-" "-"
107.155.70.57 - - [30/Jun/2014:12:19:11 -0400] "GET http://www.google.com/search?btnG=1&filter=0&start=0&q=facebook.com HTTP/1.1" 404 284 "-" "Opera/9.80 (Windows NT 5.1; U; en) Presto/2.6.30 Version/10.62"
107.155.70.57 - - [30/Jun/2014:12:24:42 -0400] "GET http://www.google.com/search?btnG=1&filter=0&start=0&q=facebook.com HTTP/1.1" 404 284 "-" "Mozilla/5.0 (Windows; U; Windows NT 5.1; de; rv:1.9.2.3) Gecko/20100401 Firefox/3.6.3 (.NET CLR 3.5.30729) (Prevx 3.0.5)"
107.155.70.57 - - [30/Jun/2014:13:00:24 -0400] "GET http://www.google.com/search?btnG=1&filter=0&start=0&q=facebook.com HTTP/1.1" 404 284 "-" "Mozilla/4.0 (compatible; MSIE 7.0; Windows NT 5.1)"
107.155.70.57 - - [30/Jun/2014:13:09:53 -0400] "GET http://www.google.com/search?btnG=1&filter=0&start=0&q=facebook.com HTTP/1.1" 404 284 "-" "Mozilla/5.0 (Windows; U; Windows NT 5.1; de; rv:1.9.2.3) Gecko/20100401 Firefox/3.6.3 (.NET CLR 3.5.30729) (Prevx 3.0.5)"
107.155.70.57 - - [30/Jun/2014:13:24:14 -0400] "-" 400 0 "-" "-"
107.155.70.57 - - [30/Jun/2014:13:24:15 -0400] "-" 400 0 "-" "-"
91.188.124.225 - - [30/Jun/2014:14:08:28 -0400] "GET http://92.222.28.46/httptest.php HTTP/1.1" 404 236 "-" "-"
91.188.124.225 - - [30/Jun/2014:14:08:28 -0400] "GET http://www.google.com/search?q=google HTTP/1.1" 404 237 "-" "-"
107.155.70.57 - - [30/Jun/2014:15:37:17 -0400] "-" 400 0 "-" "-"
107.155.70.57 - - [30/Jun/2014:15:37:17 -0400] "-" 400 0 "-" "-"
91.188.124.225 - - [30/Jun/2014:16:00:41 -0400] "GET http://92.222.28.46/httptest.php HTTP/1.1" 404 236 "-" "-"
91.188.124.225 - - [30/Jun/2014:16:00:41 -0400] "GET http://www.google.com/search?q=wczasy HTTP/1.1" 404 237 "-" "-"
107.155.70.57 - - [30/Jun/2014:16:13:50 -0400] "GET http://www.google.com/search?btnG=1&filter=0&start=0&q=facebook.com HTTP/1.1" 404 284 "-" "Opera/9.80 (Windows NT 5.1; U; en) Presto/2.6.30 Version/10.62"
107.155.70.57 - - [30/Jun/2014:16:22:36 -0400] "GET http://www.google.com/search?btnG=1&filter=0&start=0&q=facebook.com HTTP/1.1" 404 284 "-" "Mozilla/5.0 (Windows; U; Windows NT 5.1; en-GB; rv:1.8.1.6) Gecko/20070725 Firefox/2.0.0.6"
103.246.246.207 - - [30/Jun/2014:16:24:05 -0400] "GET /phpmyadmin/index.php HTTP/1.1" 404 298 "-" "-"
107.155.70.57 - - [30/Jun/2014:17:05:54 -0400] "GET http://www.google.com/search?btnG=1&filter=0&start=0&q=facebook.com HTTP/1.1" 404 284 "-" "Mozilla/5.0 (Windows; U; Windows NT 5.1; en-GB; rv:1.8.1.6) Gecko/20070725 Firefox/2.0.0.6"
